[backblue.gif]
[fade.gif]
[index.html]
[localhost/UrbanBloom/index.php/feed/index.html]
[localhost/UrbanBloom/wp-content/uploads/2025/11/photo-1616046229478-9901c5536a45.jpg]
[localhost/UrbanBloom/wp-content/uploads/2025/11/premium_photo-1670360414483-64e6d9ba9038.jpg]
[localhost/UrbanBloom/wp-content/uploads/2025/11/Bebas-Regular.ttf]
[localhost/UrbanBloom/index.php/comments/feed/index.html]
[localhost/UrbanBloom/wp-includes/js/jquery/jquery.minf43b.js]
[localhost/UrbanBloom/wp-includes/js/jquery/jquery-migrate.min5589.js]
[localhost/UrbanBloom/index.php/wp-json/wp/v2/pages/12.json]
[localhost/UrbanBloom/index.php/wp-json/index.html]
[localhost/UrbanBloom/xmlrpc0db0.php]
[localhost/UrbanBloom/index.php/wp-json/oembed/1.0/embed5f9a.json]
[localhost/UrbanBloom/index.php/wp-json/oembed/1.0/embeda358]
[localhost/UrbanBloom/wp-content/themes/twentytwentyfive/assets/fonts/manrope/Manrope-VariableFont_wght.woff2]
[localhost/UrbanBloom/wp-content/themes/twentytwentyfive/assets/fonts/fira-code/FiraCode-VariableFont_wght.woff2]
[localhost/UrbanBloom/wp-content/uploads/2025/11/premium_photo-1661765778256-169bf5e561a6.jpg]
[localhost/UrbanBloom/wp-content/plugins/elementor/assets/js/webpack.runtime.min8e60.js]
[localhost/UrbanBloom/wp-content/plugins/elementor/assets/js/frontend-modules.min8e60.js]
[localhost/UrbanBloom/wp-includes/js/jquery/ui/core.minb37e.js]
[localhost/UrbanBloom/wp-content/plugins/elementor/assets/js/frontend.min8e60.js]
[localhost/UrbanBloom/wp-content/plugins/elementor-pro/assets/lib/sticky/jquery.sticky.min20c8.js]
[localhost/UrbanBloom/wp-content/plugins/elementor/assets/lib/swiper/v8/swiper.min94a4.js]
[localhost/UrbanBloom/wp-content/plugins/elementor-pro/assets/js/webpack-pro.runtime.min20c8.js]
[localhost/UrbanBloom/wp-includes/js/dist/hooks.min4fdd.js]
[localhost/UrbanBloom/wp-includes/js/dist/i18n.minc33c.js]
[localhost/UrbanBloom/wp-content/plugins/elementor-pro/assets/js/frontend.min20c8.js]
[localhost/UrbanBloom/wp-content/plugins/elementor-pro/assets/js/elements-handlers.min20c8.js]
[localhost/urbanBloom/index.html]
[localhost/UrbanBloom/wp-content/themes/twentytwentyfive/style4e44.css]
[localhost/UrbanBloom/wp-content/plugins/elementor/assets/css/frontend.min8e60.css]
[localhost/UrbanBloom/wp-content/plugins/elementor/assets/css/widget-heading.min8e60.css]
[localhost/UrbanBloom/wp-content/plugins/elementor/assets/lib/animations/styles/e-animation-grow.min8e60.css]
[localhost/UrbanBloom/wp-content/plugins/elementor-pro/assets/css/widget-mega-menu.min20c8.css]
[localhost/UrbanBloom/wp-content/plugins/elementor-pro/assets/css/modules/sticky.min20c8.css]
[localhost/UrbanBloom/wp-content/plugins/elementor/assets/lib/animations/styles/fadeInDown.min8e60.css]
[localhost/UrbanBloom/wp-content/plugins/elementor/assets/lib/animations/styles/e-animation-pulse.min8e60.css]
[localhost/UrbanBloom/wp-content/plugins/elementor/assets/lib/animations/styles/e-animation-shrink.min8e60.css]
[localhost/UrbanBloom/wp-content/plugins/elementor/assets/lib/animations/styles/fadeInLeft.min8e60.css]
[localhost/UrbanBloom/wp-content/plugins/elementor/assets/lib/animations/styles/fadeIn.min8e60.css]
[localhost/UrbanBloom/wp-content/plugins/elementor/assets/css/widget-image.min8e60.css]
[localhost/UrbanBloom/wp-content/plugins/elementor/assets/lib/animations/styles/fadeInRight.min8e60.css]
[localhost/UrbanBloom/wp-content/plugins/elementor/assets/lib/swiper/v8/css/swiper.min94a4.css]
[localhost/UrbanBloom/wp-content/plugins/elementor/assets/css/conditionals/e-swiper.min8e60.css]
[localhost/UrbanBloom/wp-content/plugins/elementor/assets/css/widget-image-carousel.min8e60.css]
[localhost/UrbanBloom/wp-content/plugins/elementor-pro/assets/css/widget-nested-carousel.min20c8.css]
